// Jest Snapshot v1, https://goo.gl/fbAQLP

exports[`App should render my component 1`] = `
Array [
  <div
    id="app"
  >
    <Membership />
    <PriceButton />
  </div>,
]
`;
