// Jest Snapshot v1, https://goo.gl/fbAQLP

exports[`PriceButton should render component 1`] = `
Array [
  <div
    id="price"
  >
    <button
      className="priceButton"
      id="bookBuy"
    >
      Buy for $
      
    </button>
  </div>,
]
`;
